// Jest Snapshot v1, https://goo.gl/fbAQLP

exports[`it renders correctlyy 1`] = `
<div
  class="sc-AxjAm dQHWtE"
/>
`;
