// Jest Snapshot v1, https://goo.gl/fbAQLP

exports[`it renders correctlyy 1`] = `
<a
  class="sc-AxjAm hyNcgC"
/>
`;
